{
  "version": "1.5.0",
  "plugins_used": [
    {
      "name": "ArtifactoryDetector"
    },
    {
      "name": "AWSKeyDetector"
    },
    {
      "name": "AzureStorageKeyDetector"
    },
    {
      "name": "Base64HighEntropyString",
      "limit": 4.5
    },
    {
      "name": "BasicAuthDetector"
    },
    {
      "name": "CloudantDetector"
    },
    {
      "name": "DiscordBotTokenDetector"
    },
    {
      "name": "GitHubTokenDetector"
    },
    {
      "name": "GitLabTokenDetector"
    },
    {
      "name": "HexHighEntropyString",
      "limit": 3.0
    },
    {
      "name": "IbmCloudIamDetector"
    },
    {
      "name": "IbmCosHmacDetector"
    },
    {
      "name": "IPPublicDetector"
    },
    {
      "name": "JwtTokenDetector"
    },
    {
      "name": "KeywordDetector",
      "keyword_exclude": ""
    },
    {
      "name": "MailchimpDetector"
    },
    {
      "name": "NpmDetector"
    },
    {
      "name": "OpenAIDetector"
    },
    {
      "name": "PrivateKeyDetector"
    },
    {
      "name": "PypiTokenDetector"
    },
    {
      "name": "SendGridDetector"
    },
    {
      "name": "SlackDetector"
    },
    {
      "name": "SoftlayerDetector"
    },
    {
      "name": "SquareOAuthDetector"
    },
    {
      "name": "StripeDetector"
    },
    {
      "name": "TelegramBotTokenDetector"
    },
    {
      "name": "TwilioKeyDetector"
    }
  ],
  "filters_used": [
    {
      "path": "detect_secrets.filters.allowlist.is_line_allowlisted"
    },
    {
      "path": "detect_secrets.filters.common.is_baseline_file",
      "filename": ".secrets.baseline"
    },
    {
      "path": "detect_secrets.filters.common.is_ignored_due_to_verification_policies",
      "min_level": 2
    },
    {
      "path": "detect_secrets.filters.heuristic.is_indirect_reference"
    },
    {
      "path": "detect_secrets.filters.heuristic.is_likely_id_string"
    },
    {
      "path": "detect_secrets.filters.heuristic.is_lock_file"
    },
    {
      "path": "detect_secrets.filters.heuristic.is_not_alphanumeric_string"
    },
    {
      "path": "detect_secrets.filters.heuristic.is_potential_uuid"
    },
    {
      "path": "detect_secrets.filters.heuristic.is_prefixed_with_dollar_sign"
    },
    {
      "path": "detect_secrets.filters.heuristic.is_sequential_string"
    },
    {
      "path": "detect_secrets.filters.heuristic.is_swagger_file"
    },
    {
      "path": "detect_secrets.filters.heuristic.is_templated_secret"
    },
    {
      "path": "detect_secrets.filters.regex.should_exclude_file",
      "pattern": [
        "node_modules|\\.venv|venv|\\.pf|\\.cache|pnpm-lock\\.yaml|package-lock\\.json|\\.pythonlibs"
      ]
    }
  ],
  "results": {
    ".env.example": [
      {
        "type": "Basic Auth Credentials",
        "filename": ".env.example",
        "hashed_secret": "5baa61e4c9b93f3f0682250b6cf8331b7ee68fd8",
        "is_verified": false,
        "line_number": 228
      }
    ],
    "alembic.ini": [
      {
        "type": "Basic Auth Credentials",
        "filename": "alembic.ini",
        "hashed_secret": "9d4e1e23bd5b727046a9e3b4b7db57bd8d6ee684",
        "is_verified": false,
        "line_number": 7
      }
    ],
    "backend/README.md": [
      {
        "type": "Basic Auth Credentials",
        "filename": "backend/README.md",
        "hashed_secret": "9d4e1e23bd5b727046a9e3b4b7db57bd8d6ee684",
        "is_verified": false,
        "line_number": 334
      }
    ],
    "backend/deep_agent/README.md": [
      {
        "type": "Basic Auth Credentials",
        "filename": "backend/deep_agent/README.md",
        "hashed_secret": "9d4e1e23bd5b727046a9e3b4b7db57bd8d6ee684",
        "is_verified": false,
        "line_number": 463
      }
    ],
    "backend/deep_agent/config/README.md": [
      {
        "type": "Secret Keyword",
        "filename": "backend/deep_agent/config/README.md",
        "hashed_secret": "3acfb2c2b433c0ea7ff107e33df91b18e52f960f",
        "is_verified": false,
        "line_number": 72
      },
      {
        "type": "Secret Keyword",
        "filename": "backend/deep_agent/config/README.md",
        "hashed_secret": "74f2634b193e683bd7db65231b1aaf986a801b44",
        "is_verified": false,
        "line_number": 382
      }
    ],
    "backend/deep_agent/config/__init__.py": [
      {
        "type": "Secret Keyword",
        "filename": "backend/deep_agent/config/__init__.py",
        "hashed_secret": "3acfb2c2b433c0ea7ff107e33df91b18e52f960f",
        "is_verified": false,
        "line_number": 27
      }
    ],
    "backend/deep_agent/config/settings.py": [
      {
        "type": "Secret Keyword",
        "filename": "backend/deep_agent/config/settings.py",
        "hashed_secret": "69dba6dfc0be932d10cdbfaae770c300cd7e0e3c",
        "is_verified": false,
        "line_number": 35
      }
    ],
    "backend/deep_agent/core/README.md": [
      {
        "type": "Base64 High Entropy String",
        "filename": "backend/deep_agent/core/README.md",
        "hashed_secret": "8e22880b4e96bab354e1da6c91d2f58dabde3555",
        "is_verified": false,
        "line_number": 125
      },
      {
        "type": "Secret Keyword",
        "filename": "backend/deep_agent/core/README.md",
        "hashed_secret": "8e22880b4e96bab354e1da6c91d2f58dabde3555",
        "is_verified": false,
        "line_number": 125
      }
    ],
    "backend/deep_agent/core/security.py": [
      {
        "type": "Base64 High Entropy String",
        "filename": "backend/deep_agent/core/security.py",
        "hashed_secret": "8e22880b4e96bab354e1da6c91d2f58dabde3555",
        "is_verified": false,
        "line_number": 75
      }
    ],
    "backend/deep_agent/integrations/mcp_clients/README.md": [
      {
        "type": "Secret Keyword",
        "filename": "backend/deep_agent/integrations/mcp_clients/README.md",
        "hashed_secret": "a8253456364f1bfc7da7ae4a1db5b45d106317a5",
        "is_verified": false,
        "line_number": 75
      }
    ],
    "scripts/validate_config.py": [
      {
        "type": "Secret Keyword",
        "filename": "scripts/validate_config.py",
        "hashed_secret": "bb67067e5ff7968aec11ec6ad261c870d033a093",
        "is_verified": false,
        "line_number": 103
      },
      {
        "type": "Secret Keyword",
        "filename": "scripts/validate_config.py",
        "hashed_secret": "a81cf3e01f7bbfdb7a466f3c03cea9b63a114f96",
        "is_verified": false,
        "line_number": 111
      },
      {
        "type": "Secret Keyword",
        "filename": "scripts/validate_config.py",
        "hashed_secret": "f744e89f50dd33ce3956c366877b88c1b775470b",
        "is_verified": false,
        "line_number": 114
      },
      {
        "type": "Secret Keyword",
        "filename": "scripts/validate_config.py",
        "hashed_secret": "501dc5047dee08296e5ee5203e01d1e03a32d73a",
        "is_verified": false,
        "line_number": 149
      },
      {
        "type": "Secret Keyword",
        "filename": "scripts/validate_config.py",
        "hashed_secret": "753678aa70672b4cb0e544522f27de09433fa211",
        "is_verified": false,
        "line_number": 160
      }
    ],
    "tests/integration/README.md": [
      {
        "type": "Secret Keyword",
        "filename": "tests/integration/README.md",
        "hashed_secret": "80cf4738918e3a03cfae32ef7600f40fc6731bcc",
        "is_verified": false,
        "line_number": 414
      }
    ],
    "tests/integration/test_agent_workflows/test_agent_service.py": [
      {
        "type": "Secret Keyword",
        "filename": "tests/integration/test_agent_workflows/test_agent_service.py",
        "hashed_secret": "80cf4738918e3a03cfae32ef7600f40fc6731bcc",
        "is_verified": false,
        "line_number": 22
      }
    ],
    "tests/integration/test_agent_workflows/test_tool_call_limit_e2e.py": [
      {
        "type": "Secret Keyword",
        "filename": "tests/integration/test_agent_workflows/test_tool_call_limit_e2e.py",
        "hashed_secret": "80cf4738918e3a03cfae32ef7600f40fc6731bcc",
        "is_verified": false,
        "line_number": 24
      }
    ],
    "tests/integration/test_mcp_integration/test_perplexity.py": [
      {
        "type": "Secret Keyword",
        "filename": "tests/integration/test_mcp_integration/test_perplexity.py",
        "hashed_secret": "74ba31d41223751c75cc0a453dd7df04889bdc72",
        "is_verified": false,
        "line_number": 20
      },
      {
        "type": "Secret Keyword",
        "filename": "tests/integration/test_mcp_integration/test_perplexity.py",
        "hashed_secret": "a1b49d68a91fdf9c9217773f3fac988d77fa0f50",
        "is_verified": false,
        "line_number": 81
      },
      {
        "type": "Secret Keyword",
        "filename": "tests/integration/test_mcp_integration/test_perplexity.py",
        "hashed_secret": "d8f1babb54b21e0e2bbdaceed1de6cf0be3175bc",
        "is_verified": false,
        "line_number": 471
      }
    ],
    "tests/unit/README.md": [
      {
        "type": "Secret Keyword",
        "filename": "tests/unit/README.md",
        "hashed_secret": "ed65c049bb2f78ee4f703b2158ba9cc6ea31fb7e",
        "is_verified": false,
        "line_number": 188
      },
      {
        "type": "Secret Keyword",
        "filename": "tests/unit/README.md",
        "hashed_secret": "3acfb2c2b433c0ea7ff107e33df91b18e52f960f",
        "is_verified": false,
        "line_number": 356
      }
    ],
    "tests/unit/test_agents/test_deep_agent.py": [
      {
        "type": "Secret Keyword",
        "filename": "tests/unit/test_agents/test_deep_agent.py",
        "hashed_secret": "80cf4738918e3a03cfae32ef7600f40fc6731bcc",
        "is_verified": false,
        "line_number": 31
      },
      {
        "type": "Secret Keyword",
        "filename": "tests/unit/test_agents/test_deep_agent.py",
        "hashed_secret": "ea1d0b031df7d9e6de2ec43cee74cee17d2d69a4",
        "is_verified": false,
        "line_number": 32
      },
      {
        "type": "Secret Keyword",
        "filename": "tests/unit/test_agents/test_deep_agent.py",
        "hashed_secret": "69dba6dfc0be932d10cdbfaae770c300cd7e0e3c",
        "is_verified": false,
        "line_number": 135
      }
    ],
    "tests/unit/test_agents/test_tool_call_limit.py": [
      {
        "type": "Secret Keyword",
        "filename": "tests/unit/test_agents/test_tool_call_limit.py",
        "hashed_secret": "3acfb2c2b433c0ea7ff107e33df91b18e52f960f",
        "is_verified": false,
        "line_number": 26
      }
    ],
    "tests/unit/test_config.py": [
      {
        "type": "Secret Keyword",
        "filename": "tests/unit/test_config.py",
        "hashed_secret": "ed65c049bb2f78ee4f703b2158ba9cc6ea31fb7e",
        "is_verified": false,
        "line_number": 52
      },
      {
        "type": "Basic Auth Credentials",
        "filename": "tests/unit/test_config.py",
        "hashed_secret": "9d4e1e23bd5b727046a9e3b4b7db57bd8d6ee684",
        "is_verified": false,
        "line_number": 195
      }
    ],
    "tests/unit/test_integrations/test_langsmith.py": [
      {
        "type": "Secret Keyword",
        "filename": "tests/unit/test_integrations/test_langsmith.py",
        "hashed_secret": "d11a44b1bc1af6fbbd35cfea4596cc84ffb3a29c",
        "is_verified": false,
        "line_number": 19
      },
      {
        "type": "Secret Keyword",
        "filename": "tests/unit/test_integrations/test_langsmith.py",
        "hashed_secret": "00942f4668670f34c5943cf52c7ef3139fe2b8d6",
        "is_verified": false,
        "line_number": 99
      },
      {
        "type": "Secret Keyword",
        "filename": "tests/unit/test_integrations/test_langsmith.py",
        "hashed_secret": "0a0aeec96bef3880d3dd5da08499712205f0338a",
        "is_verified": false,
        "line_number": 188
      }
    ],
    "tests/unit/test_security.py": [
      {
        "type": "Base64 High Entropy String",
        "filename": "tests/unit/test_security.py",
        "hashed_secret": "36663d40c8113f8c67f93cb04c14bcfaf2bf12e4",
        "is_verified": false,
        "line_number": 112
      }
    ],
    "tests/unit/test_services/test_llm_factory.py": [
      {
        "type": "Secret Keyword",
        "filename": "tests/unit/test_services/test_llm_factory.py",
        "hashed_secret": "00942f4668670f34c5943cf52c7ef3139fe2b8d6",
        "is_verified": false,
        "line_number": 153
      }
    ],
    "tests/unit/test_tools/test_web_search.py": [
      {
        "type": "Secret Keyword",
        "filename": "tests/unit/test_tools/test_web_search.py",
        "hashed_secret": "74ba31d41223751c75cc0a453dd7df04889bdc72",
        "is_verified": false,
        "line_number": 20
      }
    ]
  },
  "generated_at": "2025-12-13T20:55:15Z"
}
